---
source: src/ui/mod.rs
expression: render(&app)
---
"┌─[1]─Status──────────────┐┌─[0]─Runs - Detail ⠋───────────────────────────────┐"
"│◐ dev → adb-1.azuredatabr││HTTP status client error (429 Too Many Requests)   │"
"│3 of 3 · 0s ago          ││for url                                            │"
"└─────────────────────────┘│(https://adb-1.azuredatabricks.net/api/2.2/jobs/run│"
"┌─[2]─Jobs────────────────┐│s/list?job_id=1&limit=25)                          │"
"│[someone] okonomi_gold   ││                                                   │"
"│nightly_bronze_ingest    ││                                                   │"
"│weekly_report            ││                                                   │"
"│                         ││                                                   │"
"│                         ││                                                   │"
"│                         ││                                                   │"
"│                         ││                                                   │"
"│                         ││                                                   │"
"└───────────────────1 of 3┘│                                                   │"
"┌─[3]─Pipelines───────────┐│                                                   │"
"│                         │└───────────────────────────────────────────────────┘"
"│                         │┌─API log───────────────────────────────────────────┐"
"│                         ││GET  /api/2.2/jobs/list?limit=25        200    84ms│"
"│                         ││                                                   │"
"│                         ││                                                   │"
"│                         ││                                                   │"
"│                         ││                                                   │"
"└───────────────────0 of 0┘└───────────────────────────────────────────────────┘"
" Select: j/k │ Filter: / │ Mine: m │ Open: Enter │ Focus: 0-3 │ Quit: q   v0.1.0"
