---
source: src/ui/mod.rs
expression: render(&app)
---
"┌─[1]─Status────┌ Keybindings ─ Jobs ───────────────────────────┐──────────────┐"
"│◐ dev → adb-1.a│  j/↓  next job                                │ion  Result   │"
"│3 of 3 jobs · 0│  k/↑  previous job                            │     ◐ RUNNING│"
"└───────────────│   ^D  ten jobs down                           │     ✓ SUCCESS│"
"┌─[2]─Jobs by ac│   ^U  ten jobs up                             │     ✗ FAILED │"
"│ 2h ◐ [someone]│    g  first job                               │              │"
"│ 1d ✗ nightly_b│    G  last job                                │              │"
"│    · weekly_re│    /  filter by name                          │              │"
"│               │    m  toggle mine only                        │              │"
"└───────────────│    f  cycle status: all, failed, active       │              │"
"┌─[3]─Pipelines │Enter  focus the main panel                    │              │"
"│               │    x  actions menu                            │              │"
"│               │    r  refresh jobs                            │              │"
"│               │    o  open job in browser                     │              │"
"│               │    y  copy job URL                            │              │"
"│               │    Y  copy the job list as text               │──────────────┘"
"└───────────────│    s  cycle sort: activity, name, created     │──────────────┐"
"┌─[4]─Compute ⠋─│  0-4  focus panel by number                   │   200    84ms│"
"│               │  Tab  next side panel                         │&… 200   131ms│"
"│               │    R  refresh everything                      │              │"
"│               │    +  cycle screen mode                       │              │"
"│               │    @  toggle the API log                      │              │"
"└───────────────│    A  enable or disable actions this session  │──────────────┘"
" Scroll: j/k │ C└───────────j/k: scroll │ Esc: close────────────┘         v0.1.0"
