---
source: src/ui/mod.rs
expression: render(&app)
---
"┌─[1]─Status──────────────┐┌─[0]─Runs - Detail ⠙───────────────────────────────┐"
"│◐ dev → adb-1.azuredatabr││Run ID           Started      Duration  Result     │"
"│3 of 3 · 0s ago          ││                                                   │"
"└─────────────────────────┘│                                                   │"
"┌─[2]─Jobs────────────────┐│                                                   │"
"│[someone] okonomi_gold   ││                                                   │"
"│nightly_bronze_ingest    ││                                                   │"
"│weekly_report            ││                                                   │"
"│                         ││                                                   │"
"│                         ││                                                   │"
"│                         ││                                                   │"
"│                         ││                                                   │"
"│                         ││                                                   │"
"└───────────────────2 of 3┘│                                                   │"
"┌─[3]─Pipelines───────────┐│                                                   │"
"│                         │└───────────────────────────────────────────────────┘"
"│                         │┌─API log───────────────────────────────────────────┐"
"│                         ││GET  /api/2.2/jobs/list?limit=25        200    84ms│"
"│                         ││                                                   │"
"│                         ││                                                   │"
"│                         ││                                                   │"
"│                         ││                                                   │"
"└───────────────────0 of 0┘└───────────────────────────────────────────────────┘"
" Select: j/k │ Filter: / │ Mine: m │ Actions: x │ Quit: q │ Keys: ?       v0.1.0"
