---
source: src/ui/mod.rs
expression: render(&app)
---
"┌─[1]─Status──────────────┐┌─[0]─Runs - Detail - JSON - Output › run 5085189276┐"
"│◐ dev → adb-1.azuredatabr││▸ v1compat  SUCCESS                                │"
"│3 of 3 jobs · 0s ago     ││{"rows": 42, "status": "ok"}                       │"
"│◐ 1 · ✗ 1 · ● 0          ││                                                   │"
"└─────────────────────────┘│▸ endring_sluttdato_fakta  SUCCESS                 │"
"┌─[2]─Jobs by activity────┐│⠙ fetching output…                                 │"
"│ 2h ◐ [someone] okonomi_…││                                                   │"
"│ 1d ✗ nightly_bronze_ing…││                                                   │"
"│    · weekly_report      ││                                                   │"
"│                         ││                                                   │"
"│                         ││                                                   │"
"│                         ││                                                   │"
"│                         ││                                                   │"
"└───────────────────1 of 3┘│                                                   │"
"┌─[3]─Pipelines ⠙ by activ┐│                                                   │"
"│                         │└───────────────────────────────────────────────────┘"
"│                         │┌─API log───────────────────────────────────────────┐"
"│                         ││GET  /api/2.2/jobs/list?limit=25        200    84ms│"
"└───────────────────0 of 0┘│GET  /api/2.2/jobs/runs/list?job_id=1&… 200   131ms│"
"┌─[4]─Compute ⠙───────────┐│                                                   │"
"│                         ││                                                   │"
"│                         ││                                                   │"
"└───────────────────0 of 0┘└───────────────────────────────────────────────────┘"
" Scroll: j/k │ Back: Esc │ Browser: o │ Actions: x │ Quit: q │ Keys: ?    v0.1.0"
