---
source: src/ui/mod.rs
expression: render(&app)
---
"┌─[1]─Status──────────────┐┌─[0]─Runs - Detail─────────────────────────────────┐"
"│dev → adb-1.azuredatabric││HTTP status client error (429 Too Many Requests)   │"
"└─────────────────────────┘│for url                                            │"
"┌─[2]─Jobs────────────────┐│(https://adb-1.azuredatabricks.net/api/2.2/jobs/run│"
"│[someone] okonomi_gold   ││s/list?job_id=1&limit=25)                          │"
"│nightly_bronze_ingest    ││                                                   │"
"│weekly_report            ││                                                   │"
"│                         ││                                                   │"
"│                         ││                                                   │"
"│                         ││                                                   │"
"│                         ││                                                   │"
"│                         ││                                                   │"
"└───────────────────1 of 3┘│                                                   │"
"┌─[3]─Pipelines───────────┐│                                                   │"
"│                         ││                                                   │"
"│                         │└───────────────────────────────────────────────────┘"
"│                         │┌─API log───────────────────────────────────────────┐"
"│                         ││GET  /api/2.2/jobs/list?limit=25        200    84ms│"
"│                         ││                                                   │"
"│                         ││                                                   │"
"│                         ││                                                   │"
"│                         ││                                                   │"
"└───────────────────0 of 0┘└───────────────────────────────────────────────────┘"
" Select: j/k │ Open: Enter │ Focus: 0-3 │ Screen: + │ Log: @ │ Quit: q    v0.1.0"
