---
source: src/ui/mod.rs
expression: render(&app)
---
"┌ Jobs ────────────────────────────────────────────────────────────────────────┐"
"│[someone] okonomi_gold                                                        │"
"│nightly_bronze_ingest                                                         │"
"│weekly_report                                                                 │"
"│                                                                              │"
"│                                                                              │"
"│                                                                              │"
"│                                                                              │"
"│                                                                              │"
"│                                                                              │"
"│                                                                              │"
"│                                                                              │"
"│                                                                              │"
"│                                                                              │"
"│                                                                              │"
"│                                                                              │"
"│                                                                              │"
"│                                                                              │"
"│                                                                              │"
"│                                                                              │"
"│                                                                              │"
"│                                                                              │"
"│                                                                              │"
"└──────────────────────────────────────────────────────────────────────────────┘"
