---
source: src/ui/mod.rs
expression: render(&app)
---
"┌─[1]─Status───────────────────────────┐┌─[0]─Runs - Detail - JSON ⠋───────────┐"
"┌─[2]─Jobs by activity─────────────────┐│  Started      Duration  Result       │"
"│ 2h ◐ [someone] okonomi_gold          ││› 01.09 10:08  2h00m     ◐ RUNNING    │"
"│ 1d ✗ nightly_bronze_ingest           ││  31.08 10:08  1m12s     ✓ SUCCESS    │"
"│    · weekly_report                   ││  30.08 10:08  57s       ✗ FAILED     │"
"│                                      ││                                      │"
"│                                      ││                                      │"
"│                                      ││                                      │"
"│                                      ││                                      │"
"│                                      ││                                      │"
"│                                      ││                                      │"
"│                                      ││                                      │"
"│                                      ││                                      │"
"│                                      ││                                      │"
"│                                      ││                                      │"
"│                                      │└──────────────────────────────────────┘"
"│                                      │┌─API log──────────────────────────────┐"
"│                                      ││GET  /api/2.2/jobs/list?l… 200    84ms│"
"│                                      ││GET  /api/2.2/jobs/runs/l… 200   131ms│"
"│                                      ││                                      │"
"└────────────────────────────────1 of 3┘│                                      │"
"┌─[3]─Pipelines ⠋ by activity────0 of 0┐│                                      │"
"┌─[4]─Compute ⠋──────────────────0 of 0┐└──────────────────────────────────────┘"
" Move: j/k │ Filter: / │ Mine: m │ Status: f │ Actions: x │ Quit: q │ Keys: ?   "
