---
source: src/ui/mod.rs
expression: render(&app)
---
"┌─[1]─Status─────┌ Keybindings ─ Jobs ────────────────────────┐────────────────┐"
"│◐ dev → adb-1.az│  j/↓  next job                             │ation  Result   │"
"│3 of 3 jobs · 0s│  k/↑  previous job                         │       ◐ RUNNING│"
"└────────────────│   ^D  ten jobs down                        │2s     ✓ SUCCESS│"
"┌─[2]─Jobs by act│   ^U  ten jobs up                          │       ✗ FAILED │"
"│ 2h ◐ [someone] │    g  first job                            │                │"
"│ 1d ✗ nightly_br│    G  last job                             │                │"
"│    · weekly_rep│    /  filter by name                       │                │"
"│                │    m  toggle mine only                     │                │"
"│                │    f  cycle status: all, failed, active    │                │"
"│                │Enter  focus the main panel                 │                │"
"│                │    x  actions menu                         │                │"
"│                │    r  refresh jobs                         │                │"
"└────────────────│    o  open job in browser                  │                │"
"┌─[3]─Pipelines ⠋│    y  copy job URL                         │                │"
"│                │    s  cycle sort: activity, name, created  │────────────────┘"
"│                │  0-3  focus panel by number                │────────────────┐"
"│                │  Tab  next side panel                      │     200    84ms│"
"│                │    R  refresh everything                   │=1&… 200   131ms│"
"│                │    +  cycle screen mode                    │                │"
"│                │    @  toggle the API log                   │                │"
"│                │    ?  this list                            │                │"
"└────────────────│ q/^C  quit                                 │────────────────┘"
" Close: Esc      └─────────────────Esc: close─────────────────┘           v0.1.0"
