---
source: src/ui/mod.rs
expression: render(&app)
---
"┌─[1]─Status───────────────────────────┐┌─[0]─Runs - Detail ⠋──────────────────┐"
"┌─[2]─Jobs by activity─────────────────┐│  Run ID       Started      Duration  │"
"│ 2h ◐ [someone] okonomi_gold          ││› 508518927610 09/01 10:08  -         │"
"│ 1d ✗ nightly_bronze_ingest           ││  508518927610 08/31 10:08  1m12s     │"
"│    · weekly_report                   ││  508518927610 08/30 10:08  57s       │"
"│                                      ││                                      │"
"│                                      ││                                      │"
"│                                      ││                                      │"
"│                                      ││                                      │"
"│                                      ││                                      │"
"│                                      ││                                      │"
"│                                      ││                                      │"
"│                                      ││                                      │"
"│                                      ││                                      │"
"│                                      ││                                      │"
"│                                      │└──────────────────────────────────────┘"
"│                                      │┌─API log──────────────────────────────┐"
"│                                      ││GET  /api/2.2/jobs/list?l… 200    84ms│"
"│                                      ││GET  /api/2.2/jobs/runs/l… 200   131ms│"
"│                                      ││                                      │"
"│                                      ││                                      │"
"└────────────────────────────────1 of 3┘│                                      │"
"┌─[3]─Pipelines ⠋ by activity────0 of 0┐└──────────────────────────────────────┘"
" Move: j/k │ Filter: / │ Mine: m │ Status: f │ Actions: x │ Quit: q │ Keys: ?   "
