---
source: src/ui/mod.rs
expression: render(&app)
---
"┌─[1]─Status──────────────┐┌─[0]─Runs - Detail ⠋───────────────────────────────┐"
"│◐ dev → adb-1.a┌ Keybindings ─ Main ───────────────────────────┐ion  Result   │"
"│3 of 3 jobs · 0│  j/↓  next run                                │     ◐ RUNNING│"
"└───────────────│  k/↑  previous run                            │     ✓ SUCCESS│"
"┌─[2]─Jobs by ac│   ^D  ten runs down                           │     ✗ FAILED │"
"│ 2h ◐ [someone]│   ^U  ten runs up                             │              │"
"│ 1d ✗ nightly_b│Enter  open the run: tasks and message         │              │"
"│    · weekly_re│l/]/→  next tab                                │              │"
"│               │h/[/←  previous tab                            │              │"
"└───────────────│  Esc  back: close the run, then the panel     │              │"
"┌─[3]─Pipelines │    x  actions menu                            │              │"
"│               │    r  refresh runs                            │              │"
"│               │    o  open job in browser                     │              │"
"│               │    y  copy job URL                            │              │"
"│               │    Y  copy the runs table as text             │              │"
"│               │  0-4  focus panel by number                   │──────────────┘"
"└───────────────│  Tab  next side panel                         │──────────────┐"
"┌─[4]─Clusters ⠋│    R  refresh everything                      │   200    84ms│"
"│               │    +  cycle screen mode                       │&… 200   131ms│"
"│               │    @  toggle the API log                      │              │"
"│               │    A  enable or disable actions this session  │              │"
"│               │    ?  this list                               │              │"
"└───────────────│ q/^C  quit                                    │──────────────┘"
" Scroll: j/k │ C└──────────────────Esc: close───────────────────┘         v0.1.0"
