---
source: src/ui/mod.rs
expression: render(&app)
---
"┌─[1]─Status──────────────┐┌─[0]─Runs - Detail─────────────────────────────────┐"
"│◐ dev → adb-1.azuredatabr││Run ID           Started      Duration  Result     │"
"│0 of 0                   ││                                                   │"
"└─────────────────────────┘│                                                   │"
"┌─[2]─Jobs────────────────┐│                                                   │"
"│HTTP 401 for             ││                                                   │"
"│/api/2.2/jobs/list?limit=││                                                   │"
"│25: token rejected. Run  ││                                                   │"
"│`databricks auth login -p││                                                   │"
"│dev`, then press r       ││                                                   │"
"│                         ││                                                   │"
"│                         ││                                                   │"
"│                         ││                                                   │"
"└───────────────────0 of 0┘│                                                   │"
"┌─[3]─Pipelines───────────┐│                                                   │"
"│                         │└───────────────────────────────────────────────────┘"
"│                         │┌─API log───────────────────────────────────────────┐"
"│                         ││                                                   │"
"│                         ││                                                   │"
"│                         ││                                                   │"
"│                         ││                                                   │"
"│                         ││                                                   │"
"└───────────────────0 of 0┘└───────────────────────────────────────────────────┘"
" Select: j/k │ Filter: / │ Mine: m │ Open: Enter │ Focus: 0-3 │ Quit: q   v0.1.0"
