---
source: src/ui/mod.rs
expression: render(&app)
---
"┌─[1]─Status──────────────┐┌─[0]─Updates - Detail ⠋────────────────────────────┐"
"│◐ dev → adb-1.azuredatabr││Name           [someone] felles_gold               │"
"│1 of 1 pipelines · 0s ago││Pipeline ID    2b8e9c4d-3f2a-4e1b-9c7d-6a5b4c3d2e1f│"
"└─────────────────────────┘│State          IDLE                                │"
"┌─[2]─Jobs by activity────┐│Creator        someone@example.com                 │"
"│ 2h ◐ [someone] okonomi_g││Updates        1                                   │"
"│ 1d ✗ nightly_bronze_inge││                                                   │"
"│    · weekly_report      ││                                                   │"
"│                         ││                                                   │"
"│                         ││                                                   │"
"│                         ││                                                   │"
"│                         ││                                                   │"
"│                         ││                                                   │"
"└───────────────────1 of 3┘│                                                   │"
"┌─[3]─Pipelines by activit┐│                                                   │"
"│✓ [someone] felles_gold  │└───────────────────────────────────────────────────┘"
"│                         │┌─API log───────────────────────────────────────────┐"
"│                         ││GET  /api/2.2/jobs/list?limit=25        200    84ms│"
"│                         ││GET  /api/2.2/jobs/runs/list?job_id=1&… 200   131ms│"
"│                         ││                                                   │"
"│                         ││                                                   │"
"│                         ││                                                   │"
"└───────────────────1 of 1┘└───────────────────────────────────────────────────┘"
" Select: j/k │ Filter: / │ Mine: m │ Actions: x │ Quit: q │ Keys: ?       v0.1.0"
