---
source: src/ui/mod.rs
expression: render(&app)
---
"┌─[1]─Status──────────────┐┌─[0]─Updates - Detail ⠋────────────────────────────┐"
"│◐ dev → adb-1.azuredatabr││Update     Created      State                      │"
"│2 of 2 pipelines · 0s ago││ac18068b   26.08 22:40  ✓ COMPLETED                │"
"└─────────────────────────┘│                                                   │"
"┌─[2]─Jobs by activity────┐│                                                   │"
"│ 2h ◐ [someone] okonomi_…││                                                   │"
"│ 1d ✗ nightly_bronze_ing…││                                                   │"
"│    · weekly_report      ││                                                   │"
"│                         ││                                                   │"
"│                         ││                                                   │"
"│                         ││                                                   │"
"│                         ││                                                   │"
"│                         ││                                                   │"
"└───────────────────1 of 3┘│                                                   │"
"┌─[3]─Pipelines by activit┐│                                                   │"
"│ 5d ✓ [other] hubspot    │└───────────────────────────────────────────────────┘"
"│ 5d ✓ [someone] felles_g…│┌─API log───────────────────────────────────────────┐"
"│                         ││GET  /api/2.2/jobs/list?limit=25        200    84ms│"
"│                         ││GET  /api/2.2/jobs/runs/list?job_id=1&… 200   131ms│"
"│                         ││                                                   │"
"│                         ││                                                   │"
"│                         ││                                                   │"
"└───────────────────1 of 2┘└───────────────────────────────────────────────────┘"
" Move: j/k │ Filter: / │ Mine: m │ Status: f │ Actions: x │ Quit: q │ Keys: ?   "
