---
source: src/ui/mod.rs
expression: render(&app)
---
"┌─[1]─Status──────────────┐┌─[0]─Runs - Detail ⠋───────────────────────────────┐"
"│◐ dev → adb-1.azuredatabr││  Run ID           Started      Duration  Result   │"
"│3 of 3 jobs · 0s ago     ││› 50851892761075   01.09 10:08  2h00m     ◐ RUNNING│"
"│◐ 1 · ✗ 1 · ● 0          ││  50851892761073   31.08 10:08  1m12s     ✓ SUCCESS│"
"└─────────────────────────┘│  50851892761074   30.08 10:08  57s       ✗ FAILED │"
"┌─[2]─Jobs by activity────┐│                                                   │"
"│ 2h ◐ [someone] okonomi_…││                                                   │"
"│ 1d ✗ nightly_bronze_ing…││                                                   │"
"│    · weekly_report      ││                                                   │"
"│                ┌ Actions ────────────────────────────────────┐               │"
"│                │Run now: [someone] okonomi_gold              │               │"
"│                │Run with parameters: [someone] okonomi_gold  │               │"
"│                │Cancel run 50851892761075                    │               │"
"└────────────────│Pause schedule: [someone] okonomi_gold       │               │"
"┌─[3]─Pipelines ⠋│Resume schedule: [someone] okonomi_gold      │               │"
"│                └────read-only: --allow-actions to enable─────┘───────────────┘"
"│                         │┌─API log───────────────────────────────────────────┐"
"│                         ││GET  /api/2.2/jobs/list?limit=25        200    84ms│"
"└───────────────────0 of 0┘│GET  /api/2.2/jobs/runs/list?job_id=1&… 200   131ms│"
"┌─[4]─Compute ⠋───────────┐│                                                   │"
"│                         ││                                                   │"
"│                         ││                                                   │"
"└───────────────────0 of 0┘└───────────────────────────────────────────────────┘"
" Choose: j/k │ Confirm: Enter │ Close: Esc                                v0.1.0"
