---
source: src/ui/mod.rs
expression: render(&app)
---
"┌─[1]─Status──────────────┐┌─[0]─Runs - Detail─────────────────────────────────┐"
"│dev → adb-1.azuredatabric││Name           [someone] okonomi_gold              │"
"└─────────────────────────┘│Job ID         1                                   │"
"┌─[2]─Jobs────────────────┐│Creator        someone@example.com                 │"
"│[someone] okonomi_gold   ││Run as         someone@example.com                 │"
"│nightly_bronze_ingest    ││Format         MULTI_TASK                          │"
"│weekly_report            ││Max concurrent 4                                   │"
"│                         ││Timeout        2h00m                               │"
"│                         ││Tags           dev=someone domain=okonomi          │"
"│                         ││                                                   │"
"│                         ││                                                   │"
"│                         ││                                                   │"
"└───────────────────1 of 3┘│                                                   │"
"┌─[3]─Pipelines───────────┐│                                                   │"
"│                         ││                                                   │"
"│                         │└───────────────────────────────────────────────────┘"
"│                         │┌─API log───────────────────────────────────────────┐"
"│                         ││GET  /api/2.2/jobs/list?limit=25        200    84ms│"
"│                         ││GET  /api/2.2/jobs/runs/list?job_id=1&… 200   131ms│"
"│                         ││                                                   │"
"│                         ││                                                   │"
"│                         ││                                                   │"
"└───────────────────0 of 0┘└───────────────────────────────────────────────────┘"
" Select: j/k │ Open: Enter │ Focus: 0-3 │ Screen: + │ Log: @ │ Quit: q    v0.1.0"
