---
source: src/ui/mod.rs
expression: render(&app)
---
"┌─[1]─Status──────────────┐┌─[0]─Main──────────────────────────────────────────┐"
"│dev → adb-1.azuredatabric││                                                   │"
"└─────────────────────────┘│                                                   │"
"┌─[2]─Jobs────────────────┐│                                                   │"
"│HTTP status client error ││                                                   │"
"│(403 Forbidden) for url  ││                                                   │"
"│(https://adb-1.azuredatab││                                                   │"
"│ricks.net/api/2.2/jobs/li││                                                   │"
"│st?limit=25)             ││                                                   │"
"│                         ││                                                   │"
"│                         ││                                                   │"
"│                         ││                                                   │"
"└───────────────────0 of 0┘│                                                   │"
"┌─[3]─Pipelines───────────┐│                                                   │"
"│                         ││                                                   │"
"│                         ││                                                   │"
"│                         ││                                                   │"
"│                         ││                                                   │"
"│                         ││                                                   │"
"│                         ││                                                   │"
"│                         ││                                                   │"
"│                         ││                                                   │"
"└───────────────────0 of 0┘└───────────────────────────────────────────────────┘"
" Select: j/k │ Open: Enter │ Focus: 0-3/Tab │ Screen: + │ Quit: q         v0.1.0"
